test_argv_hash_and_exact_validation (scripts.test_critical_apply_runner.ContractTests.test_argv_hash_and_exact_validation) ... ok
test_foreground_apply_static_guard (scripts.test_critical_apply_runner.ContractTests.test_foreground_apply_static_guard) ... ok
test_restore_point_freshness (scripts.test_critical_apply_runner.ContractTests.test_restore_point_freshness) ... ok
test_transaction_id_validation (scripts.test_critical_apply_runner.ContractTests.test_transaction_id_validation) ... ok
test_prepare_status_validate_and_execute_refusal (scripts.test_critical_apply_runner.RunnerTests.test_prepare_status_validate_and_execute_refusal) ... ok
test_package_root_classifier_matrix (scripts.test_openclaw_npm_package_plugin.OpenClawNpmPluginTests.test_package_root_classifier_matrix) ... ok
test_restore_point_skeleton_and_decision (scripts.test_openclaw_npm_package_plugin.OpenClawNpmPluginTests.test_restore_point_skeleton_and_decision) ... ok
test_speech_surface_import_chain (scripts.test_openclaw_npm_package_plugin.OpenClawNpmPluginTests.test_speech_surface_import_chain) ... ok
test_staging_classifier (scripts.test_openclaw_npm_package_plugin.OpenClawNpmPluginTests.test_staging_classifier) ... ok
test_tar_authority_validation (scripts.test_openclaw_npm_package_plugin.OpenClawNpmPluginTests.test_tar_authority_validation) ... ok
test_after_expiry_rejected (scripts.tests.test_critical_apply_authority.AuthorityTest.test_after_expiry_rejected) ... ok
test_allow_always_rejected (scripts.tests.test_critical_apply_authority.AuthorityTest.test_allow_always_rejected) ... ok
test_approved_before_plan_rejected (scripts.tests.test_critical_apply_authority.AuthorityTest.test_approved_before_plan_rejected) ... ok
test_classify_marker_missing_journal (scripts.tests.test_critical_apply_authority.AuthorityTest.test_classify_marker_missing_journal) ... ok
test_classify_unconsumed (scripts.tests.test_critical_apply_authority.AuthorityTest.test_classify_unconsumed) ... ok
test_consumed_capability_pickle_rejected (scripts.tests.test_critical_apply_authority.AuthorityTest.test_consumed_capability_pickle_rejected) ... ok
test_consumption_crash_state_0 (scripts.tests.test_critical_apply_authority.AuthorityTest.test_consumption_crash_state_0) ... ok
test_consumption_crash_state_1 (scripts.tests.test_critical_apply_authority.AuthorityTest.test_consumption_crash_state_1) ... ok
test_consumption_crash_state_2 (scripts.tests.test_critical_apply_authority.AuthorityTest.test_consumption_crash_state_2) ... ok
test_consumption_crash_state_3 (scripts.tests.test_critical_apply_authority.AuthorityTest.test_consumption_crash_state_3) ... ok
test_consumption_crash_state_4 (scripts.tests.test_critical_apply_authority.AuthorityTest.test_consumption_crash_state_4) ... ok
test_consumption_crash_state_5 (scripts.tests.test_critical_apply_authority.AuthorityTest.test_consumption_crash_state_5) ... ok
test_consumption_crash_state_6 (scripts.tests.test_critical_apply_authority.AuthorityTest.test_consumption_crash_state_6) ... ok
test_consumption_crash_state_7 (scripts.tests.test_critical_apply_authority.AuthorityTest.test_consumption_crash_state_7) ... ok
test_consumption_invalidates_eval (scripts.tests.test_critical_apply_authority.AuthorityTest.test_consumption_invalidates_eval) ... ok
test_consumption_marker_schema (scripts.tests.test_critical_apply_authority.AuthorityTest.test_consumption_marker_schema) ... ok
test_consumption_replay_already_consumed (scripts.tests.test_critical_apply_authority.AuthorityTest.test_consumption_replay_already_consumed) ... ok
test_consumption_requires_lockset (scripts.tests.test_critical_apply_authority.AuthorityTest.test_consumption_requires_lockset) ... ok
test_consumption_success (scripts.tests.test_critical_apply_authority.AuthorityTest.test_consumption_success) ... ok
test_consumption_wrong_hash_rejected (scripts.tests.test_critical_apply_authority.AuthorityTest.test_consumption_wrong_hash_rejected) ... ok
test_crash_classifications_set_known (scripts.tests.test_critical_apply_authority.AuthorityTest.test_crash_classifications_set_known) ... ok
test_duplicate_receipt_rejected (scripts.tests.test_critical_apply_authority.AuthorityTest.test_duplicate_receipt_rejected) ... ok
test_envelope_missing_field_fails (scripts.tests.test_critical_apply_authority.AuthorityTest.test_envelope_missing_field_fails) ... ok
test_envelope_unknown_field_fails (scripts.tests.test_critical_apply_authority.AuthorityTest.test_envelope_unknown_field_fails) ... ok
test_envelope_valid (scripts.tests.test_critical_apply_authority.AuthorityTest.test_envelope_valid) ... ok
test_eval_boot_mismatch (scripts.tests.test_critical_apply_authority.AuthorityTest.test_eval_boot_mismatch) ... ok
test_eval_expired (scripts.tests.test_critical_apply_authority.AuthorityTest.test_eval_expired) ... ok
test_eval_missing (scripts.tests.test_critical_apply_authority.AuthorityTest.test_eval_missing) ... ok
test_eval_mode_forbidden (scripts.tests.test_critical_apply_authority.AuthorityTest.test_eval_mode_forbidden) ... ok
test_eval_nonce_mismatch (scripts.tests.test_critical_apply_authority.AuthorityTest.test_eval_nonce_mismatch) ... ok
test_eval_owner_mismatch (scripts.tests.test_critical_apply_authority.AuthorityTest.test_eval_owner_mismatch) ... ok
test_eval_valid_unconsumed (scripts.tests.test_critical_apply_authority.AuthorityTest.test_eval_valid_unconsumed) ... ok
test_generic_command_rejected (scripts.tests.test_critical_apply_authority.AuthorityTest.test_generic_command_rejected) ... ok
test_hash_deterministic (scripts.tests.test_critical_apply_authority.AuthorityTest.test_hash_deterministic) ... ok
test_inverted_time_rejected (scripts.tests.test_critical_apply_authority.AuthorityTest.test_inverted_time_rejected) ... ok
test_max_primary_must_one (scripts.tests.test_critical_apply_authority.AuthorityTest.test_max_primary_must_one) ... ok
test_package_apply_cannot_restart (scripts.tests.test_critical_apply_authority.AuthorityTest.test_package_apply_cannot_restart) ... ok
test_package_apply_cannot_smoke (scripts.tests.test_critical_apply_authority.AuthorityTest.test_package_apply_cannot_smoke) ... ok
test_record_approval_success (scripts.tests.test_critical_apply_authority.AuthorityTest.test_record_approval_success) ... ok
test_recoveries_zero_or_one (scripts.tests.test_critical_apply_authority.AuthorityTest.test_recoveries_zero_or_one) ... ok
test_wrong_campaign_rejected (scripts.tests.test_critical_apply_authority.AuthorityTest.test_wrong_campaign_rejected) ... ok
test_wrong_envelope_hash_rejected (scripts.tests.test_critical_apply_authority.AuthorityTest.test_wrong_envelope_hash_rejected) ... ok
test_wrong_nonce_rejected (scripts.tests.test_critical_apply_authority.AuthorityTest.test_wrong_nonce_rejected) ... ok
test_wrong_owner_rejected (scripts.tests.test_critical_apply_authority.AuthorityTest.test_wrong_owner_rejected) ... ok
test_wrong_spec_hash_rejected (scripts.tests.test_critical_apply_authority.AuthorityTest.test_wrong_spec_hash_rejected) ... ok
test_wrong_transaction_rejected (scripts.tests.test_critical_apply_authority.AuthorityTest.test_wrong_transaction_rejected) ... ok
test_32_simultaneous_consumers_one_winner (scripts.tests.test_critical_apply_concurrency.ConcurrencyTest.test_32_simultaneous_consumers_one_winner) ... ok
test_alias_collision_rejected (scripts.tests.test_critical_apply_concurrency.ConcurrencyTest.test_alias_collision_rejected) ... ok
test_closed_descriptor_invalidates_lockset (scripts.tests.test_critical_apply_concurrency.ConcurrencyTest.test_closed_descriptor_invalidates_lockset) ... ok
test_disjoint_surface_profiles_proceed_when_global_policy_allows (scripts.tests.test_critical_apply_concurrency.ConcurrencyTest.test_disjoint_surface_profiles_proceed_when_global_policy_allows) ... ok
test_duplicate_consumption_count_zero_contract (scripts.tests.test_critical_apply_concurrency.ConcurrencyTest.test_duplicate_consumption_count_zero_contract) ... ok
test_duplicate_surface_id_rejected (scripts.tests.test_critical_apply_concurrency.ConcurrencyTest.test_duplicate_surface_id_rejected) ... ok
test_exception_unwinds_locks (scripts.tests.test_critical_apply_concurrency.ConcurrencyTest.test_exception_unwinds_locks) ... ok
test_expiry_racing_commit_blocks (scripts.tests.test_critical_apply_concurrency.ConcurrencyTest.test_expiry_racing_commit_blocks) ... ok
test_journal_lock_last (scripts.tests.test_critical_apply_concurrency.ConcurrencyTest.test_journal_lock_last) ... ok
test_killed_holder_releases_kernel_lock (scripts.tests.test_critical_apply_concurrency.ConcurrencyTest.test_killed_holder_releases_kernel_lock) ... ok
test_leaked_lock_count_zero_contract (scripts.tests.test_critical_apply_concurrency.ConcurrencyTest.test_leaked_lock_count_zero_contract) ... ok
test_leaked_process_count_zero_contract (scripts.tests.test_critical_apply_concurrency.ConcurrencyTest.test_leaked_process_count_zero_contract) ... ok
test_maximum_observed_concurrency_32 (scripts.tests.test_critical_apply_concurrency.ConcurrencyTest.test_maximum_observed_concurrency_32) ... ok
test_metadata_old_not_deleted (scripts.tests.test_critical_apply_concurrency.ConcurrencyTest.test_metadata_old_not_deleted) ... ok
test_no_fixture_process_leaks_after_consumers (scripts.tests.test_critical_apply_concurrency.ConcurrencyTest.test_no_fixture_process_leaks_after_consumers) ... ERROR
test_no_lock_retained_awaiting_approval_fixture (scripts.tests.test_critical_apply_concurrency.ConcurrencyTest.test_no_lock_retained_awaiting_approval_fixture) ... ok
test_out_of_order_acquisition_rejected (scripts.tests.test_critical_apply_concurrency.ConcurrencyTest.test_out_of_order_acquisition_rejected) ... ok
test_overlapping_surface_profiles_block_by_global (scripts.tests.test_critical_apply_concurrency.ConcurrencyTest.test_overlapping_surface_profiles_block_by_global) ... ok
test_release_reverse_order_no_leak (scripts.tests.test_critical_apply_concurrency.ConcurrencyTest.test_release_reverse_order_no_leak) ... ok
test_replay_after_consumption_loses (scripts.tests.test_critical_apply_concurrency.ConcurrencyTest.test_replay_after_consumption_loses) ... ERROR
test_simultaneous_approval_replacement_fails (scripts.tests.test_critical_apply_concurrency.ConcurrencyTest.test_simultaneous_approval_replacement_fails) ... ok
test_two_processes_contend_global_lock (scripts.tests.test_critical_apply_concurrency.ConcurrencyTest.test_two_processes_contend_global_lock) ... ok
test_two_processes_contend_prefix_lock (scripts.tests.test_critical_apply_concurrency.ConcurrencyTest.test_two_processes_contend_prefix_lock) ... ok
test_all_m0_phases_represented_by_fixture (scripts.tests.test_journal.JournalTestCase.test_all_m0_phases_represented_by_fixture) ... ok
test_all_m0_terminals_represented_by_fixture (scripts.tests.test_journal.JournalTestCase.test_all_m0_terminals_represented_by_fixture) ... ok
test_append_offset_mismatch_rejected (scripts.tests.test_journal.JournalTestCase.test_append_offset_mismatch_rejected) ... ok
test_changed_journal_inode_detected (scripts.tests.test_journal.JournalTestCase.test_changed_journal_inode_detected) ... ok
test_complete_uncommitted_tail_detected (scripts.tests.test_journal.JournalTestCase.test_complete_uncommitted_tail_detected) ... ok
test_deleted_event_detected (scripts.tests.test_journal.JournalTestCase.test_deleted_event_detected) ... ok
test_duplicate_sequence_detected (scripts.tests.test_journal.JournalTestCase.test_duplicate_sequence_detected) ... ok
test_event_hash_stable (scripts.tests.test_journal.JournalTestCase.test_event_hash_stable) ... ok
test_head_ahead_of_data_detected (scripts.tests.test_journal.JournalTestCase.test_head_ahead_of_data_detected) ... ok
test_head_references_committed_hash (scripts.tests.test_journal.JournalTestCase.test_head_references_committed_hash) ... ok
test_inserted_event_detected (scripts.tests.test_journal.JournalTestCase.test_inserted_event_detected) ... ok
test_invalid_canonical_json_detected (scripts.tests.test_journal.JournalTestCase.test_invalid_canonical_json_detected) ... ok
test_missing_projection_rebuildable (scripts.tests.test_journal.JournalTestCase.test_missing_projection_rebuildable) ... ok
test_multiple_valid_events (scripts.tests.test_journal.JournalTestCase.test_multiple_valid_events) ... 